// Jest Snapshot v1, https://goo.gl/fbAQLP

exports[`ErrorBoundary should catch an error and report it 1`] = `
.c3 {
  display: inline-block;
  position: relative;
  vertical-align: middle;
  height: 18px;
  width: 18px;
}

.c3 svg {
  position: absolute;
  left: 50%;
  top: 50%;
  -webkit-transform: translate(-50%,-50%);
  -ms-transform: translate(-50%,-50%);
  transform: translate(-50%,-50%);
  width: 100%;
  max-height: 100%;
  max-width: 100%;
  fill: currentColor;
}

.c1 {
  box-sizing: border-box;
  display: -webkit-box;
  display: -webkit-flex;
  display: -ms-flexbox;
  display: flex;
  -webkit-align-items: flex-start;
  -webkit-box-align: flex-start;
  -ms-flex-align: flex-start;
  align-items: flex-start;
  margin: 12px 12px 12px 12px;
  -webkit-box-flex: 0;
  -webkit-flex-grow: 0;
  -ms-flex-positive: 0;
  flex-grow: 0;
  -webkit-flex-shrink: 1;
  -ms-flex-negative: 1;
  flex-shrink: 1;
  -webkit-flex-basis: auto;
  -ms-flex-preferred-size: auto;
  flex-basis: auto;
  -webkit-order: 0;
  -ms-flex-order: 0;
  order: 0;
}

.c2 {
  box-sizing: border-box;
  display: -webkit-box;
  display: -webkit-flex;
  display: -ms-flexbox;
  display: flex;
  margin: 0px 12px 0px 0px;
  -webkit-box-flex: 0;
  -webkit-flex-grow: 0;
  -ms-flex-positive: 0;
  flex-grow: 0;
  -webkit-flex-shrink: 1;
  -ms-flex-negative: 1;
  flex-shrink: 1;
  -webkit-flex-basis: auto;
  -ms-flex-preferred-size: auto;
  flex-basis: auto;
  -webkit-order: 0;
  -ms-flex-order: 0;
  order: 0;
}

.c0 {
  border-width: 1px;
  border-style: solid;
  font-family: Source Sans Pro,sans-serif;
  font-size: 14px;
  background-color: #ffbdce;
  border-color: #ff6c93;
  color: #c81746;
}

<div
  className="c0"
>
  <div
    className="c1"
  >
    <div
      className="c2"
    >
      <span
        aria-hidden={true}
        className="c3"
        dangerouslySetInnerHTML={
          Object {
            "__html": "test-file-stub",
          }
        }
        role="img"
      />
    </div>
    This has an error
  </div>
</div>
`;
